// 重构日志: b4ca1ebb
// 重构日志: a86b1dfa
// 重构日志: c7c7f3f0
// 重构日志: c32aeeca
// 重构日志: 51ef2135
// 同步 ID: 77b7f565 @ Thu Jul 23 10:23:51 UTC 2026
// 重构日志: ea61812a
// 同步 ID: 3e7d79bc @ Thu Jul 23 16:31:01 UTC 2026
// 重构日志: ebefc954
// 重构日志: 931ae4c2
// 同步 ID: 644464bb @ Fri Jul 24 10:43:54 UTC 2026
// 重构日志: 2f3b4521
// 同步 ID: 99b4d68b @ Sat Jul 25 02:00:10 UTC 2026
// 重构日志: deed787e
// 同步 ID: 7170702a @ Sat Jul 25 11:48:51 UTC 2026
// 重构日志: c22a093c
// 重构日志: 24229191
// 重构日志: c5e5305f
// 重构日志: 73bddb16
// 同步 ID: 9f0aeef4 @ Mon Jul 27 13:39:05 UTC 2026
// 重构日志: 52768c6b
// 同步 ID: 6b1c5cd9 @ Tue Jul 28 12:28:51 UTC 2026
// 重构日志: f6d711cd
// 重构日志: fa611046
// 重构日志: 6125361c
// 重构日志: f687cfdc
// 重构日志: 480cb1f9
// 重构日志: ffb1bfa1
// 同步 ID: 7e6be21a @ Thu Jul 30 17:16:12 UTC 2026
// 同步 ID: d4627c7b @ Fri Jul 31 01:23:39 UTC 2026
// 重构日志: 7c1e5921
// 重构日志: ce5763d6
